../Core/Src/main.c:96:6:MPU6050_Init	32	static
../Core/Src/main.c:115:6:MPU6050_Read_Accel	24	static
../Core/Src/main.c:127:6:MPU6050_Read_Gyro	24	static
../Core/Src/main.c:139:5:__io_putchar	16	static
../Core/Src/main.c:151:5:main	88	static
../Core/Src/main.c:199:6:SystemClock_Config	160	static
../Core/Src/main.c:247:13:MX_I2C1_Init	8	static
../Core/Src/main.c:295:13:MX_USART2_UART_Init	8	static
../Core/Src/main.c:330:13:MX_GPIO_Init	48	static
../Core/Src/main.c:366:6:Error_Handler	4	static,ignoring_inline_asm
