../Core/Src/main.c:140:6:MPU6050_Init	32	static
../Core/Src/main.c:166:6:MPU6050_Read_Accel	24	static
../Core/Src/main.c:181:6:MPU6050_Read_Gyro	24	static
../Core/Src/main.c:196:6:HAL_GPIO_EXTI_Callback	16	static
../Core/Src/main.c:203:5:__io_putchar	16	static
../Core/Src/main.c:215:5:main	96	static
../Core/Src/main.c:345:6:SystemClock_Config	160	static
../Core/Src/main.c:395:13:MX_I2C1_Init	8	static
../Core/Src/main.c:443:13:MX_TIM4_Init	64	static
../Core/Src/main.c:507:13:MX_USART2_UART_Init	8	static
../Core/Src/main.c:542:13:MX_GPIO_Init	48	static
../Core/Src/main.c:588:6:Error_Handler	4	static,ignoring_inline_asm
